---
created: "2019-02-04T00:04:51.671247+00:00"
creator: insta@0.5.4
expression: stable_readable_display(&doc.expect("during test"))
source: tests/snapshot.rs
---
"{a: 5, b: 6.7, c: [1, 2, 3], d: true, e: \"val\", f: {g: false}}"
