---
source: tests/snapshot.rs
expression: stable_readable_display(&doc)
---
"{DefaultParsers: [\"asdf\", \"qwer\"], WazuhParsers: [\"qwer\"]}"
